<?xml version="1.0" encoding="UTF-8"?>
<root>
  <Good_guy>
    <name>Luke Skywalker</name>
    <weapon>Lightsaber</weapon>
  </Good_guy>
  <Bad_guy>
    <name>Sauron</name>
    <weapon>Evil Eye</weapon>
  </Bad_guy>
</root>
