{
    "0": {
        "key1": null,
        "key2": true,
        "key3": 0
    },
    "1": {
        "url": "http:\/\/example.net"
    },
    "2": {
        "arr": {
            "foo": "bar"
        }
    },
    "3": {
        "obj": {
            "hoge": "123",
            "piyo": {
                "abc": null,
                "def": false
            }
        }
    }
}