{
    "url": "http://example.org",
    "arr": {
        "baz": "fuga"
    },
    "obj": {
        "hoge": "456",
        "piyo": {
            "ghi": null,
            "jkl": false
        }
    }
}