name,名前,price
apple,りんご,"1,000"
pineapple,パインアップル,800
orange,オレンジ,"1,234"
