header,"test,""test""","テスト,""テスト"""
row,"test,""test""","テスト,""テスト"""
