name	名前	feature
apple	りんご	"Sweet	Red"
pineapple	パインアップル	"Sour	Yellow"
