name	–¼‘O	"feature	Color"
apple	"‚è""‚ñ""‚²"	"sweet	Red"
